// Jest Snapshot v1, https://goo.gl/fbAQLP

exports[`Home page should render without crashing 1`] = `
<VideoBackground>
  <PersonalData />
</VideoBackground>
`;
