// Jest Snapshot v1, https://goo.gl/fbAQLP

exports[`Routes component should render without crashing 1`] = `
<Switch>
  <Route
    path="/portfolio"
  >
    <Portfolio />
  </Route>
  <Route
    path="/"
  >
    <Home />
  </Route>
</Switch>
`;
